// Vitest Snapshot v1, https://vitest.dev/guide/snapshot.html

exports[`resolveSlots > matches snapshot for fixed known input 1`] = `
{
  "FINAL": "A1",
  "QF_P1": "A1",
  "QF_P2": "E1",
  "QF_P3": "I1",
  "QF_P4": "A2",
  "R16_P1": "A1",
  "R16_P2": "C1",
  "R16_P3": "E1",
  "R16_P4": "G1",
  "R16_P5": "I1",
  "R16_P6": "K1",
  "R16_P7": "A2",
  "R16_P8": "J2",
  "R32_P1": "A1",
  "R32_P10": "J1",
  "R32_P11": "K1",
  "R32_P12": "L1",
  "R32_P13": "A2",
  "R32_P14": "F2",
  "R32_P15": "J2",
  "R32_P16": "H2",
  "R32_P2": "B1",
  "R32_P3": "C1",
  "R32_P4": "D1",
  "R32_P5": "E1",
  "R32_P6": "F1",
  "R32_P7": "G1",
  "R32_P8": "H1",
  "R32_P9": "I1",
  "SF_P1": "A1",
  "SF_P2": "I1",
  "THIRD": "I1",
}
`;
