// Vitest Snapshot v1, https://vitest.dev/guide/snapshot.html

exports[`resolveSlots > matches snapshot for fixed known input 1`] = `
{
  "FINAL": "E1",
  "QF_P1": "E1",
  "QF_P2": "K2",
  "QF_P3": "C1",
  "QF_P4": "J1",
  "R16_P1": "E1",
  "R16_P2": "A2",
  "R16_P3": "K2",
  "R16_P4": "D1",
  "R16_P5": "C1",
  "R16_P6": "A1",
  "R16_P7": "J1",
  "R16_P8": "B1",
  "R32_P1": "E1",
  "R32_P10": "E2",
  "R32_P11": "A1",
  "R32_P12": "L1",
  "R32_P13": "J1",
  "R32_P14": "D2",
  "R32_P15": "B1",
  "R32_P16": "K1",
  "R32_P2": "I1",
  "R32_P3": "A2",
  "R32_P4": "F1",
  "R32_P5": "K2",
  "R32_P6": "H1",
  "R32_P7": "D1",
  "R32_P8": "G1",
  "R32_P9": "C1",
  "SF_P1": "E1",
  "SF_P2": "C1",
  "THIRD": "C1",
}
`;
